
===================================================================
== INICIO caso 5  |  2026-09-23 01:00:39  |  run 20260923_010039
===================================================================
== FIN caso 5  |  2026-09-23 01:00:39  |  OK
===================================================================

===================================================================
== INICIO caso 5  |  2026-09-23 01:32:16  |  run 20260923_013216
===================================================================
== INICIO caso 5  |  2026-09-23 01:32:17
caso 5: T_MRCA media = 3.7131 (n=100000)
== FIN caso 5  |  2026-09-23 01:35:20  |  182.89 s  |  OK
== FIN caso 5  |  2026-09-23 01:35:20  |  OK
===================================================================

===================================================================
== INICIO caso 5  |  2026-09-27 19:52:35  |  run 20260927_195235
===================================================================

===================================================================
== INICIO caso 5  |  2026-09-27 19:55:42  |  run 20260927_195542
===================================================================
== INICIO caso 5  |  2026-09-27 19:52:35
--- caso 5  (n=100000 réplicas) ---
  T_MRCA (primer árbol, s0-s1) : media = 3.7084  desvio = 3.7163   [escala temporal de coalescencia]
  Nº de árboles (breakpoints)  : media = 35.96  desvio = 12.64   [recombinación]
  Nº de eventos de migración   : media = 129.52  desvio = 52.70   [tasas de migración]
  Nº de eventos de coalescencia: media = 29.20  desvio = 15.13   [tamaños poblacionales]
== FIN caso 5  |  2026-09-27 19:56:38  |  243.11 s  | OK
== INICIO caso 5  |  2026-09-27 19:55:43
--- caso 5  (n=100000 réplicas) ---
  T_MRCA (primer árbol, s0-s1) : media = 3.7084  desvio = 3.7163   [escala temporal de coalescencia]
  Nº de árboles (breakpoints)  : media = 35.96  desvio = 12.64   [recombinación]
  Nº de eventos de migración   : media = 129.52  desvio = 52.70   [tasas de migración]
  Nº de eventos de coalescencia: media = 29.20  desvio = 15.13   [tamaños poblacionales]
== FIN caso 5  |  2026-09-27 19:58:16  |  152.71 s  | OK
